*SOIL-PLANT-ATMOSPHERE MODULE OUTPUT FILE

*DSSAT Cropping System Model Ver. 4.8.6.000 -Release  SEP 21, 2026 21:32:41

*RUN   1        : Continuous Flooding (CF)  RICER048 BDAR2601    1
 MODEL          : RICER048 - Rice
 EXPERIMENT     : BDAR2601 RI BORO RICE CF VS AWD (ARONGHATA)
 DATA PATH      : C:\DSSAT48\Rice\
 TREATMENT  1   : Continuous Flooding (CF)  RICER048
  
@YEAR DOY   DAS   SRAA  TMAXA  TMINA    REFA    EOAA    EOPA    EOSA    ETAA    EPAA    ESAA    EFAA    EMAA    EOAC    ETAC    EPAC    ESAC    EFAC    EMAC    KCAA    KBSA    KEAA
 2026 015     1  12.70  23.60   9.30 -99.000   2.991   0.000   2.991   2.991   0.000   2.991   0.000   0.000    2.99    2.99    0.00    2.99    0.00    0.00 -99.000 -99.000 -99.000 
 2026 016     2  13.50  23.90   7.90 -99.000   3.110   0.068   3.062   3.109   0.068   3.040   0.000   0.000    6.10    6.10    0.07    6.03    0.00    0.00 -99.000 -99.000 -99.000 
 2026 017     3  14.40  24.50   9.40 -99.000   3.371   0.050   3.319   3.370   0.050   3.319   0.000   0.000    9.47    9.47    0.12    9.35    0.00    0.00 -99.000 -99.000 -99.000 
 2026 018     4  15.10  25.90   9.70 -99.000   3.586   0.137   3.531   1.631   0.137   1.495   0.000   0.000   13.06   11.10    0.26   10.85    0.00    0.00 -99.000 -99.000 -99.000 
 2026 019     5  14.90  26.00  10.50 -99.000   3.564   0.135   3.510   1.267   0.135   1.132   0.000   0.000   16.62   12.37    0.39   11.98    0.00    0.00 -99.000 -99.000 -99.000 
 2026 020     6  14.00  27.50  12.50 -99.000   3.465   0.051   3.413   3.464   0.051   3.413   0.000   0.000   20.09   15.83    0.44   15.39    0.00    0.00 -99.000 -99.000 -99.000 
 2026 021     7  12.70  27.20  11.80 -99.000   3.194   0.120   3.146   3.043   0.120   2.922   0.000   0.000   23.28   18.87    0.56   18.31    0.00    0.00 -99.000 -99.000 -99.000 
 2026 022     8  13.90  26.00  11.50 -99.000   3.394   0.128   3.342   3.309   0.128   3.181   0.000   0.000   26.68   22.18    0.69   21.49    0.00    0.00 -99.000 -99.000 -99.000 
 2026 023     9  15.90  25.70  11.10 -99.000   3.832   0.146   3.773   1.591   0.146   1.445   0.000   0.000   30.51   23.77    0.84   22.94    0.00    0.00 -99.000 -99.000 -99.000 
 2026 024    10  15.20  26.00  10.70 -99.000   3.663   0.140   3.607   1.250   0.140   1.110   0.000   0.000   34.17   25.02    0.98   24.05    0.00    0.00 -99.000 -99.000 -99.000 
 2026 025    11  13.80  26.10  13.60 -99.000   3.407   0.131   3.355   1.067   0.131   0.937   0.000   0.000   37.58   26.09    1.11   24.99    0.00    0.00 -99.000 -99.000 -99.000 
 2026 026    12  13.40  27.40  12.60 -99.000   3.332   0.051   3.281   3.331   0.051   3.280   0.000   0.000   40.91   29.42    1.16   28.27    0.00    0.00 -99.000 -99.000 -99.000 
 2026 027    13  15.70  26.70  11.60 -99.000   3.920   0.152   3.858   3.554   0.152   3.403   0.000   0.000   44.83   32.98    1.31   31.67    0.00    0.00 -99.000 -99.000 -99.000 
 2026 028    14  16.40  27.40  11.70 -99.000   4.073   0.159   4.009   3.042   0.159   2.883   0.000   0.000   48.90   36.02    1.47   34.55    0.00    0.00 -99.000 -99.000 -99.000 
 2026 029    15  15.20  28.10  13.20 -99.000   3.833   0.150   3.773   1.581   0.150   1.431   0.000   0.000   52.74   37.60    1.62   35.98    0.00    0.00 -99.000 -99.000 -99.000 
 2026 030    16  12.60  27.80  13.90 -99.000   3.182   0.126   3.131   1.229   0.126   1.104   0.000   0.000   55.92   38.83    1.74   37.09    0.00    0.00 -99.000 -99.000 -99.000 
 2026 031    17  15.60  27.30  11.90 -99.000   3.853   0.061   3.791   3.851   0.061   3.790   0.000   0.000   59.77   42.68    1.80   40.88    0.00    0.00 -99.000 -99.000 -99.000 
 2026 032    18  15.90  27.10  11.50 -99.000   3.978   0.159   3.914   3.390   0.159   3.231   0.000   0.000   63.75   46.07    1.96   44.11    0.00    0.00 -99.000 -99.000 -99.000 
 2026 033    19  15.30  27.40  11.60 -99.000   3.793   0.165   3.727   2.790   0.165   2.625   0.000   0.000   67.54   48.86    2.13   46.73    0.00    0.00 -99.000 -99.000 -99.000 
 2026 034    20  16.30  28.30  12.00 -99.000   4.081   0.181   4.008   1.589   0.181   1.408   0.000   0.000   71.62   50.45    2.31   48.14    0.00    0.00 -99.000 -99.000 -99.000 
 2026 035    21  13.10  27.80  13.60 -99.000   3.299   0.147   3.240   1.241   0.147   1.094   0.000   0.000   74.92   51.69    2.46   49.23    0.00    0.00 -99.000 -99.000 -99.000 
 2026 036    22  17.00  28.90  12.20 -99.000   4.287   0.078   4.210   4.285   0.078   4.207   0.000   0.000   79.21   55.97    2.53   53.44    0.00    0.00 -99.000 -99.000 -99.000 
 2026 037    23  18.60  26.90  11.40 -99.000   4.629   0.206   4.545   3.649   0.206   3.442   0.000   0.000   83.84   59.62    2.74   56.88    0.00    0.00 -99.000 -99.000 -99.000 
 2026 038    24  17.10  26.80  10.00 -99.000   4.147   0.184   4.072   2.404   0.184   2.220   0.000   0.000   87.99   62.03    2.93   59.10    0.00    0.00 -99.000 -99.000 -99.000 
 2026 039    25  17.70  28.20  10.90 -99.000   4.387   0.194   4.308   1.542   0.194   1.348   0.000   0.000   92.37   63.57    3.12   60.45    0.00    0.00 -99.000 -99.000 -99.000 
 2026 040    26  17.80  27.90  13.30 -99.000   4.476   0.196   4.397   1.261   0.196   1.065   0.000   0.000   96.85   64.83    3.31   61.52    0.00    0.00 -99.000 -99.000 -99.000 
 2026 041    27  16.70  29.00  11.80 -99.000   4.201   0.076   4.128   4.199   0.076   4.123   0.000   0.000  101.05   69.03    3.39   65.64    0.00    0.00 -99.000 -99.000 -99.000 
 2026 042    28  17.10  29.70  11.60 -99.000   4.407   0.188   4.331   3.534   0.188   3.346   0.000   0.000  105.46   72.56    3.58   68.99    0.00    0.00 -99.000 -99.000 -99.000 
 2026 043    29  18.00  30.00  13.10 -99.000   4.647   0.195   4.569   2.521   0.195   2.327   0.000   0.000  110.10   75.08    3.77   71.31    0.00    0.00 -99.000 -99.000 -99.000 
 2026 044    30  18.10  30.00  13.90 -99.000   4.688   0.193   4.610   1.561   0.193   1.367   0.000   0.000  114.79   76.65    3.97   72.68    0.00    0.00 -99.000 -99.000 -99.000 
 2026 045    31  19.00  30.50  12.60 -99.000   4.896   0.085   4.816   4.893   0.085   4.808   0.000   0.000  119.69   81.54    4.05   77.49    0.00    0.00 -99.000 -99.000 -99.000 
 2026 046    32  19.00  30.40  12.80 -99.000   4.972   0.198   4.892   3.605   0.198   3.407   0.000   0.000  124.66   85.14    4.25   80.89    0.00    0.00 -99.000 -99.000 -99.000 
 2026 047    33  19.40  30.30  13.30 -99.000   5.029   0.197   4.950   2.124   0.197   1.927   0.000   0.000  129.69   87.27    4.45   82.82    0.00    0.00 -99.000 -99.000 -99.000 
 2026 048    34  19.10  30.90  13.20 -99.000   4.974   0.191   4.897   1.472   0.191   1.281   0.000   0.000  134.66   88.74    4.64   84.10    0.00    0.00 -99.000 -99.000 -99.000 
 2026 049    35  19.50  32.10  14.10 -99.000   5.178   0.088   5.099   5.176   0.088   5.088   0.000   0.000  139.84   93.92    4.73   89.19    0.00    0.00 -99.000 -99.000 -99.000 
 2026 050    36  16.70  32.20  14.50 -99.000   4.513   0.168   4.446   3.193   0.168   3.026   0.000   0.000  144.35   97.11    4.89   92.22    0.00    0.00 -99.000 -99.000 -99.000 
 2026 051    37  18.40  33.50  16.50 -99.000   5.064   0.185   4.990   2.160   0.185   1.975   0.000   0.000  149.42   99.27    5.08   94.19    0.00    0.00 -99.000 -99.000 -99.000 
 2026 052    38  17.30  33.20  15.70 -99.000   4.710   0.169   4.642   1.462   0.169   1.293   0.000   0.000  154.13  100.73    5.25   95.48    0.00    0.00 -99.000 -99.000 -99.000 
 2026 053    39  14.90  32.00  17.70 -99.000   4.058   0.068   4.001   4.057   0.068   3.989   0.000   0.000  158.19  104.79    5.31   99.47    0.00    0.00 -99.000 -99.000 -99.000 
 2026 054    40  15.50  33.80  17.40 -99.000   4.367   0.152   4.306   3.572   0.152   3.420   0.000   0.000  162.55  108.36    5.47  102.89    0.00    0.00 -99.000 -99.000 -99.000 
 2026 055    41   9.50  31.80  19.20 -99.000   2.620   0.090   2.584   2.590   0.090   2.500   0.000   0.000  165.17  110.95    5.56  105.39    0.00    0.00 -99.000 -99.000 -99.000 
 2026 056    42  16.40  31.80  17.80 -99.000   4.511   0.159   4.448   3.013   0.159   2.854   0.000   0.000  169.69  113.96    5.71  108.25    0.00    0.00 -99.000 -99.000 -99.000 
 2026 057    43  18.50  31.90  17.20 -99.000   5.033   0.175   4.962   2.033   0.175   1.858   0.000   0.000  174.72  116.00    5.89  110.11    0.00    0.00 -99.000 -99.000 -99.000 
 2026 058    44  17.50  32.70  14.60 -99.000   4.698   0.081   4.633   4.696   0.081   4.615   0.000   0.000  179.42  120.69    5.97  114.72    0.00    0.00 -99.000 -99.000 -99.000 
 2026 059    45  19.30  33.20  14.90 -99.000   5.293   0.183   5.219   3.856   0.183   3.673   0.000   0.000  184.71  124.55    6.15  118.39    0.00    0.00 -99.000 -99.000 -99.000 
 2026 060    46  22.60  35.10  17.30 -99.000   6.383   0.222   6.294   2.115   0.222   1.893   0.000   0.000  191.09  126.66    6.38  120.29    0.00    0.00 -99.000 -99.000 -99.000 
 2026 061    47  17.50  34.00  21.10 -99.000   4.989   0.177   4.919   1.449   0.177   1.271   0.000   0.000  196.08  128.11    6.55  121.56    0.00    0.00 -99.000 -99.000 -99.000 
 2026 062    48  20.90  34.10  18.60 -99.000   5.856   0.113   5.768   5.854   0.113   5.741   0.000   0.000  201.94  133.96    6.67  127.30    0.00    0.00 -99.000 -99.000 -99.000 
 2026 063    49  19.30  34.00  16.70 -99.000   5.384   0.210   5.299   3.478   0.210   3.268   0.000   0.000  207.32  137.44    6.88  130.57    0.00    0.00 -99.000 -99.000 -99.000 
 2026 064    50  18.10  34.10  17.60 -99.000   5.037   0.206   4.954   1.813   0.206   1.607   0.000   0.000  212.36  139.26    7.08  132.17    0.00    0.00 -99.000 -99.000 -99.000 
 2026 065    51  18.30  35.40  19.60 -99.000   5.324   0.228   5.233   1.405   0.228   1.177   0.000   0.000  217.68  140.66    7.31  133.35    0.00    0.00 -99.000 -99.000 -99.000 
 2026 066    52  17.10  33.80  18.40 -99.000   4.759   0.109   4.674   4.757   0.109   4.648   0.000   0.000  222.44  145.42    7.42  138.00    0.00    0.00 -99.000 -99.000 -99.000 
 2026 067    53  16.00  34.50  20.20 -99.000   4.607   0.215   4.521   3.452   0.215   3.237   0.000   0.000  227.05  148.87    7.63  141.24    0.00    0.00 -99.000 -99.000 -99.000 
 2026 068    54  12.70  33.60  21.20 -99.000   3.604   0.177   3.533   2.366   0.177   2.189   0.000   0.000  230.65  151.24    7.81  143.42    0.00    0.00 -99.000 -99.000 -99.000 
 2026 069    55  13.30  34.00  21.90 -99.000   3.799   0.194   3.721   1.614   0.194   1.420   0.000   0.000  234.45  152.85    8.00  144.85    0.00    0.00 -99.000 -99.000 -99.000 
 2026 070    56  12.20  34.90  21.70 -99.000   3.509   0.178   3.437   1.230   0.178   1.052   0.000   0.000  237.96  154.08    8.18  145.90    0.00    0.00 -99.000 -99.000 -99.000 
 2026 071    57   8.60  35.10  22.00 -99.000   2.492   0.067   2.442   2.491   0.067   2.425   0.000   0.000  240.45  156.57    8.25  148.32    0.00    0.00 -99.000 -99.000 -99.000 
 2026 072    58  14.90  37.40  22.40 -99.000   5.002   0.249   4.901   4.638   0.249   4.389   0.000   0.000  245.45  161.21    8.50  152.71    0.00    0.00 -99.000 -99.000 -99.000 
 2026 073    59  14.20  36.60  23.10 -99.000   4.513   0.224   4.421   3.381   0.224   3.157   0.000   0.000  249.97  164.59    8.72  155.87    0.00    0.00 -99.000 -99.000 -99.000 
 2026 074    60  13.60  35.60  23.10 -99.000   4.080   0.204   3.997   1.933   0.204   1.728   0.000   0.000  254.05  166.52    8.93  157.60    0.00    0.00 -99.000 -99.000 -99.000 
 2026 075    61  15.50  35.50  21.80 -99.000   4.580   0.127   4.486   4.576   0.127   4.449   0.000   0.000  258.63  171.10    9.05  162.04    0.00    0.00 -99.000 -99.000 -99.000 
 2026 076    62  17.90  33.30  22.20 -99.000   5.153   0.206   5.047   5.148   0.206   4.942   0.000   0.000  263.78  176.25    9.26  166.99    0.00    0.00 -99.000 -99.000 -99.000 
 2026 077    63  16.40  36.20  21.50 -99.000   5.050   0.147   4.943   5.046   0.147   4.899   0.000   0.000  268.83  181.29    9.41  171.88    0.00    0.00 -99.000 -99.000 -99.000 
 2026 078    64  17.50  28.60  22.00 -99.000   4.748   0.143   4.646   4.745   0.143   4.602   0.000   0.000  273.58  186.04    9.55  176.49    0.00    0.00 -99.000 -99.000 -99.000 
 2026 079    65  12.90  33.60  21.00 -99.000   3.666   0.114   3.585   3.665   0.114   3.550   0.000   0.000  277.24  189.70    9.66  180.04    0.00    0.00 -99.000 -99.000 -99.000 
 2026 080    66   9.10  28.70  19.70 -99.000   2.453   0.079   2.397   2.452   0.079   2.373   0.000   0.000  279.70  192.16    9.74  182.41    0.00    0.00 -99.000 -99.000 -99.000 
 2026 081    67  18.00  29.60  18.00 -99.000   4.855   0.160   4.742   4.852   0.160   4.692   0.000   0.000  284.55  197.01    9.90  187.10    0.00    0.00 -99.000 -99.000 -99.000 
 2026 082    68  18.50  32.30  18.50 -99.000   5.087   0.296   4.967   3.697   0.296   3.401   0.000   0.000  289.64  200.71   10.20  190.50    0.00    0.00 -99.000 -99.000 -99.000 
 2026 083    69  19.60  34.20  19.00 -99.000   5.481   0.327   5.348   2.230   0.327   1.903   0.000   0.000  295.12  202.94   10.53  192.41    0.00    0.00 -99.000 -99.000 -99.000 
 2026 084    70  17.90  35.80  20.90 -99.000   5.340   0.191   5.206   5.336   0.191   5.145   0.000   0.000  300.46  208.27   10.72  197.55    0.00    0.00 -99.000 -99.000 -99.000 
 2026 085    71  18.50  36.20  21.60 -99.000   5.730   0.358   5.584   4.250   0.358   3.891   0.000   0.000  306.19  212.52   11.07  201.44    0.00    0.00 -99.000 -99.000 -99.000 
 2026 086    72  21.10  37.30  21.50 -99.000   6.843   0.430   6.668   3.558   0.430   3.127   0.000   0.000  313.03  216.08   11.50  204.57    0.00    0.00 -99.000 -99.000 -99.000 
 2026 087    73  14.60  33.90  23.10 -99.000   4.184   0.269   4.074   3.776   0.269   3.506   0.000   0.000  317.22  219.85   11.77  208.08    0.00    0.00 -99.000 -99.000 -99.000 
 2026 088    74  15.90  35.50  21.40 -99.000   4.729   0.305   4.605   3.801   0.305   3.496   0.000   0.000  321.94  223.66   12.08  211.57    0.00    0.01 -99.000 -99.000 -99.000 
 2026 089    75  16.60  35.50  23.10 -99.000   4.962   0.194   4.833   4.958   0.194   4.764   0.000   0.000  326.91  228.61   12.27  216.34    0.00    0.01 -99.000 -99.000 -99.000 
 2026 090    76   8.70  35.40  23.70 -99.000   2.609   0.104   2.541   2.608   0.104   2.503   0.000   0.001  329.52  231.22   12.38  218.84    0.00    0.01 -99.000 -99.000 -99.000 
 2026 091    77  25.10  38.30  22.80 -99.000   8.716   0.574   8.482   7.986   0.574   7.411   0.000   0.001  338.23  239.21   12.95  226.25    0.00    0.01 -99.000 -99.000 -99.000 
 2026 092    78  24.60  39.10  23.60 -99.000   8.848   0.606   8.600   3.968   0.606   3.362   0.000   0.001  347.08  243.17   13.56  229.61    0.00    0.01 -99.000 -99.000 -99.000 
 2026 093    79  22.00  39.90  23.90 -99.000   8.203   0.589   7.962   2.862   0.589   2.272   0.000   0.001  355.28  246.04   14.15  231.88    0.00    0.01 -99.000 -99.000 -99.000 
 2026 094    80  14.90  39.80  24.40 -99.000   5.542   0.411   5.374   1.489   0.411   1.077   0.000   0.001  360.83  247.53   14.56  232.96    0.00    0.01 -99.000 -99.000 -99.000 
 2026 095    81  10.20  34.90  23.40 -99.000   2.945   0.139   2.854   2.942   0.139   2.803   0.000   0.001  363.77  250.47   14.70  235.76    0.00    0.01 -99.000 -99.000 -99.000 
 2026 096    82  18.50  37.10  22.20 -99.000   6.040   0.475   5.845   5.516   0.475   5.041   0.000   0.001  369.81  255.98   15.17  240.80    0.00    0.01 -99.000 -99.000 -99.000 
 2026 097    83  18.50  32.60  23.60 -99.000   5.225   0.268   5.048   5.221   0.268   4.952   0.000   0.001  375.04  261.20   15.44  245.76    0.00    0.01 -99.000 -99.000 -99.000 
 2026 098    84  14.10  33.80  21.50 -99.000   4.011   0.217   3.866   4.008   0.217   3.790   0.000   0.001  379.05  265.21   15.65  249.55    0.00    0.01 -99.000 -99.000 -99.000 
 2026 099    85   7.60  30.40  22.10 -99.000   2.100   0.119   2.021   2.099   0.119   1.979   0.000   0.001  381.15  267.31   15.77  251.52    0.00    0.01 -99.000 -99.000 -99.000 
 2026 100    86  21.20  32.90  21.00 -99.000   5.997   0.350   5.762   5.991   0.350   5.641   0.000   0.001  387.14  273.30   16.12  257.17    0.00    0.01 -99.000 -99.000 -99.000 
 2026 101    87  21.70  34.20  20.10 -99.000   6.110   0.620   5.852   4.200   0.620   3.579   0.000   0.001  393.25  277.50   16.74  260.74    0.00    0.02 -99.000 -99.000 -99.000 
 2026 102    88  23.60  36.20  20.20 -99.000   7.083   0.760   6.765   2.297   0.760   1.536   0.000   0.001  400.34  279.80   17.50  262.28    0.00    0.02 -99.000 -99.000 -99.000 
 2026 103    89  22.40  37.30  23.50 -99.000   7.277   0.816   6.934   1.966   0.816   1.149   0.000   0.001  407.61  281.77   18.32  263.43    0.00    0.02 -99.000 -99.000 -99.000 
 2026 104    90  15.10  36.90  23.90 -99.000   4.813   0.559   4.579   1.713   0.559   1.153   0.000   0.001  412.43  283.48   18.88  264.58    0.00    0.02 -99.000 -99.000 -99.000 
 2026 105    91  20.10  37.90  23.70 -99.000   6.724   0.796   6.389   2.236   0.796   1.439   0.000   0.001  419.15  285.72   19.67  266.02    0.00    0.02 -99.000 -99.000 -99.000 
 2026 106    92  10.00  36.60  24.20 -99.000   3.137   0.370   2.981   2.930   0.370   2.558   0.000   0.001  422.29  288.65   20.04  268.58    0.00    0.02 -99.000 -99.000 -99.000 
 2026 107    93  16.80  36.80  24.40 -99.000   5.349   0.632   5.085   1.672   0.632   1.038   0.000   0.002  427.64  290.32   20.68  269.62    0.00    0.02 -99.000 -99.000 -99.000 
 2026 108    94  20.80  37.00  24.10 -99.000   6.683   0.563   6.355   6.676   0.563   6.111   0.000   0.002  434.32  296.99   21.24  275.73    0.00    0.02 -99.000 -99.000 -99.000 
 2026 109    95  17.70  38.80  25.00 -99.000   6.283   0.729   5.976   4.293   0.729   3.562   0.000   0.002  440.60  301.29   21.97  279.29    0.00    0.03 -99.000 -99.000 -99.000 
 2026 110    96  19.90  39.20  25.40 -99.000   7.148   0.824   6.801   2.811   0.824   1.985   0.000   0.002  447.75  304.10   22.79  281.28    0.00    0.03 -99.000 -99.000 -99.000 
 2026 111    97  16.50  39.80  25.40 -99.000   6.086   0.698   5.792   1.829   0.698   1.129   0.000   0.002  453.84  305.93   23.49  282.40    0.00    0.03 -99.000 -99.000 -99.000 
 2026 112    98  18.80  39.70  25.80 -99.000   6.908   0.669   6.576   6.899   0.669   6.229   0.000   0.002  460.75  312.82   24.16  288.63    0.00    0.03 -99.000 -99.000 -99.000 
 2026 113    99  21.80  39.60  25.20 -99.000   8.035   0.917   7.651   4.198   0.917   3.279   0.000   0.002  468.78  317.02   25.08  291.91    0.00    0.03 -99.000 -99.000 -99.000 
 2026 114   100  20.50  39.80  25.50 -99.000   7.565   0.859   7.205   2.309   0.859   1.448   0.000   0.002  476.34  319.33   25.94  293.36    0.00    0.04 -99.000 -99.000 -99.000 
 2026 115   101  20.70  38.00  25.90 -99.000   7.008   0.791   6.677   1.904   0.791   1.111   0.000   0.002  483.35  321.23   26.73  294.47    0.00    0.04 -99.000 -99.000 -99.000 
 2026 116   102  16.00  38.10  25.20 -99.000   5.410   0.413   5.156   5.401   0.413   4.986   0.000   0.002  488.76  326.64   27.14  299.46    0.00    0.04 -99.000 -99.000 -99.000 
 2026 117   103   9.60  36.80  25.30 -99.000   3.090   0.236   2.946   3.084   0.236   2.846   0.000   0.002  491.85  329.72   27.38  302.30    0.00    0.04 -99.000 -99.000 -99.000 
 2026 118   104  11.60  34.00  25.60 -99.000   3.353   0.258   3.197   3.346   0.258   3.086   0.000   0.003  495.20  333.07   27.63  305.39    0.00    0.04 -99.000 -99.000 -99.000 
 2026 119   105   9.30  31.90  24.70 -99.000   2.636   0.204   2.515   2.631   0.204   2.424   0.000   0.003  497.84  335.70   27.84  307.81    0.00    0.05 -99.000 -99.000 -99.000 
 2026 120   106  15.30  30.70  23.80 -99.000   4.263   0.333   4.068   4.257   0.333   3.920   0.000   0.003  502.10  339.95   28.17  311.73    0.00    0.05 -99.000 -99.000 -99.000 
 2026 121   107  15.90  29.70  23.70 -99.000   4.359   0.344   4.162   4.354   0.344   4.007   0.000   0.003  506.46  344.31   28.51  315.74    0.00    0.05 -99.000 -99.000 -99.000 
 2026 122   108  19.30  33.70  22.60 -99.000   5.472   0.433   5.226   5.465   0.433   5.029   0.000   0.003  511.94  349.77   28.95  320.77    0.00    0.06 -99.000 -99.000 -99.000 
 2026 123   109  19.40  31.60  24.10 -99.000   5.420   0.433   5.178   5.415   0.433   4.978   0.000   0.003  517.36  355.19   29.38  325.75    0.00    0.06 -99.000 -99.000 -99.000 
 2026 124   110  20.00  32.80  24.10 -99.000   5.656   0.484   5.406   5.650   0.484   5.163   0.000   0.004  523.01  360.84   29.86  330.91    0.00    0.06 -99.000 -99.000 -99.000 
 2026 125   111  15.80  30.80  23.30 -99.000   4.319   0.349   4.129   4.315   0.349   3.962   0.000   0.004  527.33  365.15   30.21  334.87    0.00    0.07 -99.000 -99.000 -99.000 
 2026 126   112  21.00  33.90  22.80 -99.000   5.949   0.613   5.691   5.945   0.613   5.328   0.000   0.004  533.28  371.10   30.83  340.20    0.00    0.07 -99.000 -99.000 -99.000 
 2026 127   113  18.40  32.80  23.50 -99.000   5.127   0.419   4.906   5.123   0.419   4.700   0.000   0.004  538.41  376.22   31.25  344.90    0.00    0.08 -99.000 -99.000 -99.000 
 2026 128   114  24.20  33.10  22.80 -99.000   6.800   0.699   6.510   6.641   0.699   5.938   0.000   0.004  545.21  382.86   31.94  350.84    0.00    0.08 -99.000 -99.000 -99.000 
 2026 129   115  21.30  32.60  23.70 -99.000   5.929   0.489   5.679   5.926   0.489   5.432   0.000   0.004  551.14  388.79   32.43  356.27    0.00    0.08 -99.000 -99.000 -99.000 
 2026 130   116  19.60  32.60  23.60 -99.000   5.492   0.454   5.264   5.488   0.454   5.029   0.000   0.005  556.63  394.28   32.89  361.30    0.00    0.09 -99.000 -99.000 -99.000 
 2026 131   117  20.50  31.50  23.40 -99.000   5.655   0.515   5.422   5.651   0.515   5.132   0.000   0.005  562.28  399.93   33.40  366.43    0.00    0.09 -99.000 -99.000 -99.000 
 2026 132   118  23.30  33.10  23.10 -99.000   6.499   0.637   6.235   4.342   0.637   3.700   0.000   0.005  568.78  404.27   34.04  370.13    0.00    0.10 -99.000 -99.000 -99.000 
 2026 133   119  21.50  33.50  24.10 -99.000   6.025   0.581   5.783   4.462   0.581   3.876   0.000   0.005  574.81  408.73   34.62  374.01    0.00    0.10 -99.000 -99.000 -99.000 
 2026 134   120  21.30  34.00  24.80 -99.000   6.065   0.506   5.825   6.057   0.506   5.546   0.000   0.005  580.87  414.79   35.13  379.55    0.00    0.11 -99.000 -99.000 -99.000 
 2026 135   121  23.10  34.90  25.00 -99.000   6.676   0.602   6.411   6.667   0.602   6.059   0.000   0.005  587.55  421.45   35.73  385.61    0.00    0.11 -99.000 -99.000 -99.000 

*DSSAT Cropping System Model Ver. 4.8.6.000 -Release  SEP 21, 2026 21:32:41

*RUN   2        : Safe-AWD                  RICER048 BDAR2601    2
 MODEL          : RICER048 - Rice
 EXPERIMENT     : BDAR2601 RI BORO RICE CF VS AWD (ARONGHATA)
 DATA PATH      : C:\DSSAT48\Rice\
 TREATMENT  2   : Safe-AWD                  RICER048
  
@YEAR DOY   DAS   SRAA  TMAXA  TMINA    REFA    EOAA    EOPA    EOSA    ETAA    EPAA    ESAA    EFAA    EMAA    EOAC    ETAC    EPAC    ESAC    EFAC    EMAC    KCAA    KBSA    KEAA
 2026 015     1  12.70  23.60   9.30 -99.000   2.991   0.000   2.991   2.991   0.000   2.991   0.000   0.000    2.99    2.99    0.00    2.99    0.00    0.00 -99.000 -99.000 -99.000 
 2026 016     2  13.50  23.90   7.90 -99.000   3.110   0.068   3.062   3.109   0.068   3.040   0.000   0.000    6.10    6.10    0.07    6.03    0.00    0.00 -99.000 -99.000 -99.000 
 2026 017     3  14.40  24.50   9.40 -99.000   3.371   0.050   3.319   3.370   0.050   3.319   0.000   0.000    9.47    9.47    0.12    9.35    0.00    0.00 -99.000 -99.000 -99.000 
 2026 018     4  15.10  25.90   9.70 -99.000   3.586   0.137   3.531   1.631   0.137   1.495   0.000   0.000   13.06   11.10    0.26   10.85    0.00    0.00 -99.000 -99.000 -99.000 
 2026 019     5  14.90  26.00  10.50 -99.000   3.564   0.135   3.510   1.267   0.135   1.132   0.000   0.000   16.62   12.37    0.39   11.98    0.00    0.00 -99.000 -99.000 -99.000 
 2026 020     6  14.00  27.50  12.50 -99.000   3.465   0.051   3.413   3.464   0.051   3.413   0.000   0.000   20.09   15.83    0.44   15.39    0.00    0.00 -99.000 -99.000 -99.000 
 2026 021     7  12.70  27.20  11.80 -99.000   3.194   0.120   3.146   3.043   0.120   2.922   0.000   0.000   23.28   18.87    0.56   18.31    0.00    0.00 -99.000 -99.000 -99.000 
 2026 022     8  13.90  26.00  11.50 -99.000   3.394   0.128   3.342   3.309   0.128   3.181   0.000   0.000   26.68   22.18    0.69   21.49    0.00    0.00 -99.000 -99.000 -99.000 
 2026 023     9  15.90  25.70  11.10 -99.000   3.832   0.146   3.773   1.591   0.146   1.445   0.000   0.000   30.51   23.77    0.84   22.94    0.00    0.00 -99.000 -99.000 -99.000 
 2026 024    10  15.20  26.00  10.70 -99.000   3.663   0.140   3.607   1.250   0.140   1.110   0.000   0.000   34.17   25.02    0.98   24.05    0.00    0.00 -99.000 -99.000 -99.000 
 2026 025    11  13.80  26.10  13.60 -99.000   3.407   0.131   3.355   1.067   0.131   0.937   0.000   0.000   37.58   26.09    1.11   24.99    0.00    0.00 -99.000 -99.000 -99.000 
 2026 026    12  13.40  27.40  12.60 -99.000   3.332   0.051   3.281   3.331   0.051   3.280   0.000   0.000   40.91   29.42    1.16   28.27    0.00    0.00 -99.000 -99.000 -99.000 
 2026 027    13  15.70  26.70  11.60 -99.000   3.920   0.152   3.858   3.554   0.152   3.403   0.000   0.000   44.83   32.98    1.31   31.67    0.00    0.00 -99.000 -99.000 -99.000 
 2026 028    14  16.40  27.40  11.70 -99.000   4.073   0.159   4.009   3.042   0.159   2.883   0.000   0.000   48.90   36.02    1.47   34.55    0.00    0.00 -99.000 -99.000 -99.000 
 2026 029    15  15.20  28.10  13.20 -99.000   3.833   0.150   3.773   1.581   0.150   1.431   0.000   0.000   52.74   37.60    1.62   35.98    0.00    0.00 -99.000 -99.000 -99.000 
 2026 030    16  12.60  27.80  13.90 -99.000   3.182   0.126   3.131   1.229   0.126   1.104   0.000   0.000   55.92   38.83    1.74   37.09    0.00    0.00 -99.000 -99.000 -99.000 
 2026 031    17  15.60  27.30  11.90 -99.000   3.853   0.153   3.791   1.086   0.153   0.933   0.000   0.000   59.77   39.92    1.90   38.02    0.00    0.00 -99.000 -99.000 -99.000 
 2026 032    18  15.90  27.10  11.50 -99.000   3.903   0.156   3.840   0.978   0.156   0.823   0.000   0.000   63.67   40.89    2.05   38.84    0.00    0.00 -99.000 -99.000 -99.000 
 2026 033    19  15.30  27.40  11.60 -99.000   3.769   0.164   3.702   0.908   0.164   0.744   0.000   0.000   67.44   41.80    2.22   39.59    0.00    0.00 -99.000 -99.000 -99.000 
 2026 034    20  16.30  28.30  12.00 -99.000   4.069   0.180   3.996   0.865   0.180   0.685   0.000   0.000   71.51   42.67    2.40   40.27    0.00    0.00 -99.000 -99.000 -99.000 
 2026 035    21  13.10  27.80  13.60 -99.000   3.290   0.147   3.231   0.785   0.147   0.638   0.000   0.000   74.80   43.45    2.54   40.91    0.00    0.00 -99.000 -99.000 -99.000 
 2026 036    22  17.00  28.90  12.20 -99.000   4.277   0.191   4.199   0.790   0.191   0.599   0.000   0.000   79.08   44.24    2.73   41.51    0.00    0.00 -99.000 -99.000 -99.000 
 2026 037    23  18.60  26.90  11.40 -99.000   4.538   0.202   4.456   0.769   0.202   0.567   0.000   0.000   83.62   45.01    2.94   42.07    0.00    0.00 -99.000 -99.000 -99.000 
 2026 038    24  17.10  26.80  10.00 -99.000   4.119   0.183   4.044   0.722   0.183   0.539   0.000   0.000   87.74   45.73    3.12   42.61    0.00    0.00 -99.000 -99.000 -99.000 
 2026 039    25  17.70  28.20  10.90 -99.000   4.366   0.193   4.288   0.708   0.193   0.515   0.000   0.000   92.10   46.44    3.31   43.13    0.00    0.00 -99.000 -99.000 -99.000 
 2026 040    26  17.80  27.90  13.30 -99.000   4.457   0.195   4.378   0.689   0.195   0.494   0.000   0.000   96.56   47.13    3.51   43.62    0.00    0.00 -99.000 -99.000 -99.000 
 2026 041    27  16.70  29.00  11.80 -99.000   4.185   0.181   4.112   0.656   0.181   0.476   0.000   0.000  100.74   47.79    3.69   44.10    0.00    0.00 -99.000 -99.000 -99.000 
 2026 042    28  17.10  29.70  11.60 -99.000   4.312   0.184   4.238   0.643   0.184   0.459   0.000   0.000  105.06   48.43    3.87   44.56    0.00    0.00 -99.000 -99.000 -99.000 
 2026 043    29  18.00  30.00  13.10 -99.000   4.607   0.193   4.529   0.637   0.193   0.444   0.000   0.000  109.66   49.07    4.06   45.00    0.00    0.00 -99.000 -99.000 -99.000 
 2026 044    30  18.10  30.00  13.90 -99.000   4.659   0.192   4.582   0.623   0.192   0.430   0.000   0.000  114.32   49.69    4.26   45.43    0.00    0.00 -99.000 -99.000 -99.000 
 2026 045    31  19.00  30.50  12.60 -99.000   4.869   0.197   4.790   0.615   0.197   0.418   0.000   0.000  119.19   50.30    4.45   45.85    0.00    0.00 -99.000 -99.000 -99.000 
 2026 046    32  19.00  30.40  12.80 -99.000   4.870   0.194   4.792   0.600   0.194   0.406   0.000   0.000  124.06   50.90    4.65   46.26    0.00    0.00 -99.000 -99.000 -99.000 
 2026 047    33  19.40  30.30  13.30 -99.000   4.984   0.195   4.906   0.591   0.195   0.396   0.000   0.000  129.04   51.50    4.84   46.65    0.00    0.00 -99.000 -99.000 -99.000 
 2026 048    34  19.10  30.90  13.20 -99.000   4.935   0.189   4.859   0.576   0.189   0.386   0.000   0.000  133.98   52.07    5.03   47.04    0.00    0.00 -99.000 -99.000 -99.000 
 2026 049    35  19.50  32.10  14.10 -99.000   5.140   0.194   5.063   0.571   0.194   0.377   0.000   0.000  139.12   52.64    5.23   47.42    0.00    0.00 -99.000 -99.000 -99.000 
 2026 050    36  16.70  32.20  14.50 -99.000   4.419   0.163   4.354   0.532   0.163   0.369   0.000   0.000  143.54   53.17    5.39   47.78    0.00    0.00 -99.000 -99.000 -99.000 
 2026 051    37  18.40  33.50  16.50 -99.000   5.010   0.181   4.937   0.542   0.181   0.361   0.000   0.000  148.55   53.72    5.57   48.15    0.00    0.00 -99.000 -99.000 -99.000 
 2026 052    38  17.30  33.20  15.70 -99.000   4.667   0.165   4.601   0.518   0.165   0.353   0.000   0.000  153.22   54.23    5.74   48.50    0.00    0.00 -99.000 -99.000 -99.000 
 2026 053    39  14.90  32.00  17.70 -99.000   4.025   0.139   3.969   0.486   0.139   0.346   0.000   0.000  157.24   54.72    5.87   48.84    0.00    0.00 -99.000 -99.000 -99.000 
 2026 054    40  15.50  33.80  17.40 -99.000   4.259   0.069   4.201   4.258   0.069   4.188   0.000   0.000  161.50   58.98    5.94   53.03    0.00    0.00 -99.000 -99.000 -99.000 
 2026 055    41   9.50  31.80  19.20 -99.000   2.652   0.043   2.617   2.652   0.043   2.609   0.000   0.000  164.15   61.63    5.99   55.64    0.00    0.00 -99.000 -99.000 -99.000 
 2026 056    42  16.40  31.80  17.80 -99.000   4.507   0.152   4.447   4.210   0.152   4.059   0.000   0.000  168.66   65.84    6.14   59.70    0.00    0.00 -99.000 -99.000 -99.000 
 2026 057    43  18.50  31.90  17.20 -99.000   5.006   0.167   4.940   3.152   0.167   2.985   0.000   0.000  173.67   68.99    6.31   62.69    0.00    0.00 -99.000 -99.000 -99.000 
 2026 058    44  17.50  32.70  14.60 -99.000   4.657   0.153   4.595   1.590   0.153   1.437   0.000   0.000  178.32   70.58    6.46   64.12    0.00    0.00 -99.000 -99.000 -99.000 
 2026 059    45  19.30  33.20  14.90 -99.000   5.167   0.169   5.099   1.276   0.169   1.107   0.000   0.000  183.49   71.86    6.63   65.23    0.00    0.00 -99.000 -99.000 -99.000 
 2026 060    46  22.60  35.10  17.30 -99.000   6.304   0.207   6.221   1.141   0.207   0.934   0.000   0.000  189.80   73.00    6.83   66.16    0.00    0.00 -99.000 -99.000 -99.000 
 2026 061    47  17.50  34.00  21.10 -99.000   4.928   0.163   4.863   0.987   0.163   0.824   0.000   0.000  194.72   73.99    7.00   66.99    0.00    0.00 -99.000 -99.000 -99.000 
 2026 062    48  20.90  34.10  18.60 -99.000   5.785   0.202   5.704   0.947   0.202   0.745   0.000   0.000  200.51   74.93    7.20   67.73    0.00    0.00 -99.000 -99.000 -99.000 
 2026 063    49  19.30  34.00  16.70 -99.000   5.261   0.191   5.184   0.877   0.191   0.686   0.000   0.000  205.77   75.81    7.39   68.42    0.00    0.00 -99.000 -99.000 -99.000 
 2026 064    50  18.10  34.10  17.60 -99.000   4.967   0.188   4.892   0.826   0.188   0.638   0.000   0.000  210.74   76.64    7.58   69.06    0.00    0.00 -99.000 -99.000 -99.000 
 2026 065    51  18.30  35.40  19.60 -99.000   5.252   0.205   5.170   0.804   0.205   0.600   0.000   0.000  215.99   77.44    7.78   69.66    0.00    0.00 -99.000 -99.000 -99.000 
 2026 066    52  17.10  33.80  18.40 -99.000   4.697   0.188   4.621   0.756   0.188   0.567   0.000   0.000  220.68   78.20    7.97   70.22    0.00    0.00 -99.000 -99.000 -99.000 
 2026 067    53  16.00  34.50  20.20 -99.000   4.480   0.186   4.406   0.725   0.186   0.540   0.000   0.000  225.16   78.92    8.16   70.76    0.00    0.00 -99.000 -99.000 -99.000 
 2026 068    54  12.70  33.60  21.20 -99.000   3.545   0.151   3.484   0.766   0.151   0.615   0.000   0.000  228.71   79.69    8.31   71.38    0.00    0.00 -99.000 -99.000 -99.000 
 2026 069    55  13.30  34.00  21.90 -99.000   3.744   0.088   3.678   3.743   0.088   3.655   0.000   0.000  232.45   83.43    8.40   75.03    0.00    0.00 -99.000 -99.000 -99.000 
 2026 070    56  12.20  34.90  21.70 -99.000   3.575   0.153   3.514   3.185   0.153   3.032   0.000   0.000  236.03   86.61    8.55   78.06    0.00    0.00 -99.000 -99.000 -99.000 
 2026 071    57   8.60  35.10  22.00 -99.000   2.504   0.059   2.461   2.503   0.059   2.444   0.000   0.000  238.53   89.12    8.61   80.51    0.00    0.00 -99.000 -99.000 -99.000 
 2026 072    58  14.90  37.40  22.40 -99.000   4.880   0.205   4.797   1.869   0.205   1.664   0.000   0.000  243.41   90.99    8.81   82.17    0.00    0.00 -99.000 -99.000 -99.000 
 2026 073    59  14.20  36.60  23.10 -99.000   4.468   0.106   4.392   4.464   0.106   4.359   0.000   0.000  247.88   95.45    8.92   86.53    0.00    0.00 -99.000 -99.000 -99.000 
 2026 074    60  13.60  35.60  23.10 -99.000   4.150   0.173   4.080   3.378   0.173   3.205   0.000   0.000  252.03   98.83    9.09   89.74    0.00    0.00 -99.000 -99.000 -99.000 
 2026 075    61  15.50  35.50  21.80 -99.000   4.601   0.194   4.522   3.419   0.194   3.225   0.000   0.000  256.63  102.25    9.29   92.96    0.00    0.00 -99.000 -99.000 -99.000 
 2026 076    62  17.90  33.30  22.20 -99.000   5.094   0.218   5.006   3.760   0.218   3.542   0.000   0.000  261.73  106.01    9.50   96.50    0.00    0.00 -99.000 -99.000 -99.000 
 2026 077    63  16.40  36.20  21.50 -99.000   5.048   0.222   4.958   4.398   0.222   4.175   0.000   0.000  266.77  110.40    9.73  100.68    0.00    0.00 -99.000 -99.000 -99.000 
 2026 078    64  17.50  28.60  22.00 -99.000   4.739   0.216   4.652   4.698   0.216   4.482   0.000   0.000  271.51  115.10    9.94  105.16    0.00    0.00 -99.000 -99.000 -99.000 
 2026 079    65  12.90  33.60  21.00 -99.000   3.658   0.102   3.590   3.657   0.102   3.555   0.000   0.000  275.17  118.76   10.04  108.72    0.00    0.00 -99.000 -99.000 -99.000 
 2026 080    66   9.10  28.70  19.70 -99.000   2.452   0.070   2.405   2.451   0.070   2.380   0.000   0.000  277.62  121.21   10.11  111.10    0.00    0.00 -99.000 -99.000 -99.000 
 2026 081    67  18.00  29.60  18.00 -99.000   4.851   0.146   4.753   4.849   0.146   4.703   0.000   0.000  282.47  126.06   10.26  115.80    0.00    0.00 -99.000 -99.000 -99.000 
 2026 082    68  18.50  32.30  18.50 -99.000   5.084   0.277   4.972   3.674   0.277   3.397   0.000   0.000  287.56  129.73   10.54  119.20    0.00    0.00 -99.000 -99.000 -99.000 
 2026 083    69  19.60  34.20  19.00 -99.000   5.479   0.186   5.349   5.475   0.186   5.289   0.000   0.000  293.04  135.21   10.72  124.48    0.00    0.00 -99.000 -99.000 -99.000 
 2026 084    70  17.90  35.80  20.90 -99.000   5.401   0.330   5.266   3.938   0.330   3.607   0.000   0.000  298.44  139.15   11.05  128.09    0.00    0.00 -99.000 -99.000 -99.000 
 2026 085    71  18.50  36.20  21.60 -99.000   5.675   0.364   5.527   2.809   0.364   2.445   0.000   0.000  304.11  141.96   11.42  130.54    0.00    0.00 -99.000 -99.000 -99.000 
 2026 086    72  21.10  37.30  21.50 -99.000   6.839   0.445   6.657   3.003   0.445   2.557   0.000   0.000  310.95  144.96   11.86  133.09    0.00    0.00 -99.000 -99.000 -99.000 
 2026 087    73  14.60  33.90  23.10 -99.000   4.177   0.277   4.065   3.284   0.277   3.007   0.000   0.000  315.13  148.24   12.14  136.10    0.00    0.00 -99.000 -99.000 -99.000 
 2026 088    74  15.90  35.50  21.40 -99.000   4.726   0.187   4.597   4.722   0.187   4.535   0.000   0.000  319.85  152.96   12.32  140.63    0.00    0.01 -99.000 -99.000 -99.000 
 2026 089    75  16.60  35.50  23.10 -99.000   4.994   0.199   4.858   4.990   0.199   4.790   0.000   0.000  324.85  157.95   12.52  145.42    0.00    0.01 -99.000 -99.000 -99.000 
 2026 090    76   8.70  35.40  23.70 -99.000   2.610   0.108   2.537   2.608   0.108   2.500   0.000   0.000  327.46  160.56   12.63  147.92    0.00    0.01 -99.000 -99.000 -99.000 
 2026 091    77  25.10  38.30  22.80 -99.000   8.719   0.607   8.471   7.017   0.607   6.409   0.000   0.001  336.18  167.58   13.24  154.33    0.00    0.01 -99.000 -99.000 -99.000 
 2026 092    78  24.60  39.10  23.60 -99.000   8.751   0.633   8.491   3.278   0.633   2.644   0.000   0.001  344.93  170.86   13.87  156.98    0.00    0.01 -99.000 -99.000 -99.000 
 2026 093    79  22.00  39.90  23.90 -99.000   8.152   0.609   7.902   7.674   0.609   7.065   0.000   0.001  353.08  178.53   14.48  164.04    0.00    0.01 -99.000 -99.000 -99.000 
 2026 094    80  14.90  39.80  24.40 -99.000   5.567   0.426   5.392   3.020   0.426   2.594   0.000   0.001  358.65  181.55   14.91  166.64    0.00    0.01 -99.000 -99.000 -99.000 
 2026 095    81  10.20  34.90  23.40 -99.000   2.947   0.228   2.854   1.731   0.228   1.502   0.000   0.001  361.59  183.28   15.13  168.14    0.00    0.01 -99.000 -99.000 -99.000 
 2026 096    82  18.50  37.10  22.20 -99.000   5.930   0.473   5.736   2.365   0.473   1.891   0.000   0.001  367.52  185.65   15.61  170.03    0.00    0.01 -99.000 -99.000 -99.000 
 2026 097    83  18.50  32.60  23.60 -99.000   5.212   0.425   5.035   5.208   0.425   4.782   0.000   0.001  372.74  190.85   16.03  174.81    0.00    0.01 -99.000 -99.000 -99.000 
 2026 098    84  14.10  33.80  21.50 -99.000   4.010   0.213   3.868   4.007   0.213   3.793   0.000   0.001  376.75  194.86   16.25  178.60    0.00    0.01 -99.000 -99.000 -99.000 
 2026 099    85   7.60  30.40  22.10 -99.000   2.098   0.116   2.021   2.097   0.116   1.979   0.000   0.001  378.84  196.96   16.36  180.58    0.00    0.01 -99.000 -99.000 -99.000 
 2026 100    86  21.20  32.90  21.00 -99.000   5.999   0.344   5.769   5.994   0.344   5.649   0.000   0.001  384.84  202.95   16.71  186.23    0.00    0.01 -99.000 -99.000 -99.000 
 2026 101    87  21.70  34.20  20.10 -99.000   6.112   0.605   5.861   4.187   0.605   3.582   0.000   0.001  390.96  207.14   17.31  189.81    0.00    0.01 -99.000 -99.000 -99.000 
 2026 102    88  23.60  36.20  20.20 -99.000   7.086   0.744   6.775   2.278   0.744   1.532   0.000   0.001  398.04  209.42   18.05  191.35    0.00    0.02 -99.000 -99.000 -99.000 
 2026 103    89  22.40  37.30  23.50 -99.000   7.279   0.803   6.942   1.952   0.803   1.148   0.000   0.001  405.32  211.37   18.86  192.49    0.00    0.02 -99.000 -99.000 -99.000 
 2026 104    90  15.10  36.90  23.90 -99.000   4.813   0.553   4.581   1.706   0.553   1.152   0.000   0.001  410.13  213.07   19.41  193.65    0.00    0.02 -99.000 -99.000 -99.000 
 2026 105    91  20.10  37.90  23.70 -99.000   6.721   0.791   6.389   2.231   0.791   1.439   0.000   0.001  416.85  215.31   20.20  195.08    0.00    0.02 -99.000 -99.000 -99.000 
 2026 106    92  10.00  36.60  24.20 -99.000   3.135   0.368   2.981   2.928   0.368   2.558   0.000   0.001  419.99  218.23   20.57  197.64    0.00    0.02 -99.000 -99.000 -99.000 
 2026 107    93  16.80  36.80  24.40 -99.000   5.345   0.628   5.083   1.668   0.628   1.038   0.000   0.002  425.34  219.90   21.20  198.68    0.00    0.02 -99.000 -99.000 -99.000 
 2026 108    94  20.80  37.00  24.10 -99.000   6.678   0.778   6.352   1.924   0.778   1.144   0.000   0.002  432.01  221.82   21.97  199.83    0.00    0.02 -99.000 -99.000 -99.000 
 2026 109    95  17.70  38.80  25.00 -99.000   6.234   0.720   5.932   1.781   0.720   1.060   0.000   0.002  438.25  223.60   22.69  200.88    0.00    0.03 -99.000 -99.000 -99.000 
 2026 110    96  19.90  39.20  25.40 -99.000   7.148   0.820   6.803   2.018   0.820   1.196   0.000   0.002  445.40  225.62   23.51  202.08    0.00    0.03 -99.000 -99.000 -99.000 
 2026 111    97  16.50  39.80  25.40 -99.000   6.086   0.694   5.794   1.345   0.694   0.649   0.000   0.002  451.48  226.97   24.21  202.73    0.00    0.03 -99.000 -99.000 -99.000 
 2026 112    98  18.80  39.70  25.80 -99.000   6.908   0.787   6.578   1.397   0.787   0.608   0.000   0.002  458.39  228.36   25.00  203.34    0.00    0.03 -99.000 -99.000 -99.000 
 2026 113    99  21.80  39.60  25.20 -99.000   7.930   0.900   7.554   1.476   0.900   0.574   0.000   0.002  466.32  229.84   25.90  203.91    0.00    0.03 -99.000 -99.000 -99.000 
 2026 114   100  20.50  39.80  25.50 -99.000   7.530   0.850   7.174   1.398   0.850   0.546   0.000   0.002  473.85  231.24   26.75  204.46    0.00    0.04 -99.000 -99.000 -99.000 
 2026 115   101  20.70  38.00  25.90 -99.000   6.979   0.783   6.651   1.306   0.783   0.521   0.000   0.002  480.83  232.54   27.53  204.98    0.00    0.04 -99.000 -99.000 -99.000 
 2026 116   102  16.00  38.10  25.20 -99.000   5.389   0.599   5.138   1.195   0.599   0.594   0.000   0.002  486.22  233.74   28.13  205.57    0.00    0.04 -99.000 -99.000 -99.000 
 2026 117   103   9.60  36.80  25.30 -99.000   3.026   0.230   2.886   3.020   0.230   2.788   0.000   0.002  489.24  236.76   28.36  208.36    0.00    0.04 -99.000 -99.000 -99.000 
 2026 118   104  11.60  34.00  25.60 -99.000   3.308   0.253   3.155   3.301   0.253   3.045   0.000   0.003  492.55  240.06   28.61  211.41    0.00    0.04 -99.000 -99.000 -99.000 
 2026 119   105   9.30  31.90  24.70 -99.000   2.637   0.203   2.516   2.632   0.203   2.426   0.000   0.003  495.19  242.69   28.81  213.83    0.00    0.05 -99.000 -99.000 -99.000 
 2026 120   106  15.30  30.70  23.80 -99.000   4.248   0.331   4.055   4.242   0.331   3.908   0.000   0.003  499.44  246.94   29.15  217.74    0.00    0.05 -99.000 -99.000 -99.000 
 2026 121   107  15.90  29.70  23.70 -99.000   4.349   0.342   4.153   4.344   0.342   3.999   0.000   0.003  503.79  251.28   29.49  221.74    0.00    0.05 -99.000 -99.000 -99.000 
 2026 122   108  19.30  33.70  22.60 -99.000   5.472   0.431   5.227   5.464   0.431   5.030   0.000   0.003  509.26  256.74   29.92  226.77    0.00    0.06 -99.000 -99.000 -99.000 
 2026 123   109  19.40  31.60  24.10 -99.000   5.421   0.432   5.180   5.415   0.432   4.980   0.000   0.003  514.68  262.16   30.35  231.75    0.00    0.06 -99.000 -99.000 -99.000 
 2026 124   110  20.00  32.80  24.10 -99.000   5.657   0.484   5.408   5.650   0.484   5.163   0.000   0.004  520.34  267.81   30.83  236.91    0.00    0.06 -99.000 -99.000 -99.000 
 2026 125   111  15.80  30.80  23.30 -99.000   4.319   0.348   4.131   4.315   0.348   3.964   0.000   0.004  524.65  272.13   31.18  240.88    0.00    0.07 -99.000 -99.000 -99.000 
 2026 126   112  21.00  33.90  22.80 -99.000   5.949   0.613   5.692   5.945   0.613   5.328   0.000   0.004  530.60  278.07   31.79  246.20    0.00    0.07 -99.000 -99.000 -99.000 
 2026 127   113  18.40  32.80  23.50 -99.000   5.125   0.418   4.906   5.122   0.418   4.700   0.000   0.004  535.73  283.19   32.21  250.90    0.00    0.07 -99.000 -99.000 -99.000 
 2026 128   114  24.20  33.10  22.80 -99.000   6.800   0.695   6.512   6.638   0.695   5.939   0.000   0.004  542.53  289.83   32.91  256.84    0.00    0.08 -99.000 -99.000 -99.000 
 2026 129   115  21.30  32.60  23.70 -99.000   5.929   0.488   5.681   5.926   0.488   5.433   0.000   0.004  548.46  295.76   33.40  262.28    0.00    0.08 -99.000 -99.000 -99.000 
 2026 130   116  19.60  32.60  23.60 -99.000   5.492   0.453   5.265   5.488   0.453   5.030   0.000   0.005  553.95  301.24   33.85  267.31    0.00    0.09 -99.000 -99.000 -99.000 
 2026 131   117  20.50  31.50  23.40 -99.000   5.655   0.514   5.424   5.651   0.514   5.132   0.000   0.005  559.61  306.89   34.36  272.44    0.00    0.09 -99.000 -99.000 -99.000 
 2026 132   118  23.30  33.10  23.10 -99.000   6.499   0.633   6.236   4.338   0.633   3.700   0.000   0.005  566.10  311.23   35.00  276.14    0.00    0.10 -99.000 -99.000 -99.000 
 2026 133   119  21.50  33.50  24.10 -99.000   6.025   0.578   5.785   4.458   0.578   3.876   0.000   0.005  572.13  315.69   35.57  280.01    0.00    0.10 -99.000 -99.000 -99.000 
 2026 134   120  21.30  34.00  24.80 -99.000   6.064   0.505   5.826   6.056   0.505   5.546   0.000   0.005  578.19  321.75   36.08  285.56    0.00    0.11 -99.000 -99.000 -99.000 
 2026 135   121  23.10  34.90  25.00 -99.000   6.675   0.601   6.413   6.667   0.601   6.060   0.000   0.005  584.87  328.41   36.68  291.62    0.00    0.11 -99.000 -99.000 -99.000 
